Component: Arm Compiler for Embedded 6.19 Tool: armlink [5e73cb00]

==============================================================================

Section Cross References

    tutorial.o(.text.get_number_from_keypad) refers to tutorial.o(.text.Delay) for Delay
    tutorial.o(.text.get_number_from_keypad) refers to tutorial.o(.text.keypad_getkey) for keypad_getkey
    tutorial.o(.text.get_number_from_keypad) refers to tutorial.o(.text.LCD_data) for LCD_data
    tutorial.o(.ARM.exidx.text.get_number_from_keypad) refers to tutorial.o(.text.get_number_from_keypad) for [Anonymous Symbol]
    tutorial.o(.ARM.exidx.text.Delay) refers to tutorial.o(.text.Delay) for [Anonymous Symbol]
    tutorial.o(.text.keypad_getkey) refers to tutorial.o(.text.Delay) for Delay
    tutorial.o(.ARM.exidx.text.keypad_getkey) refers to tutorial.o(.text.keypad_getkey) for [Anonymous Symbol]
    tutorial.o(.text.LCD_data) refers to tutorial.o(.text.LCD_ready) for LCD_ready
    tutorial.o(.text.LCD_data) refers to tutorial.o(.text.Delay) for Delay
    tutorial.o(.ARM.exidx.text.LCD_data) refers to tutorial.o(.text.LCD_data) for [Anonymous Symbol]
    tutorial.o(.text.read_to_buffer) refers to tutorial.o(.text.keypad_getkey) for keypad_getkey
    tutorial.o(.text.read_to_buffer) refers to tutorial.o(.text.Delay) for Delay
    tutorial.o(.text.read_to_buffer) refers to tutorial.o(.text.clear_lcd) for clear_lcd
    tutorial.o(.text.read_to_buffer) refers to tutorial.o(.text.print_fnc) for print_fnc
    tutorial.o(.ARM.exidx.text.read_to_buffer) refers to tutorial.o(.text.read_to_buffer) for [Anonymous Symbol]
    tutorial.o(.text.clear_lcd) refers to tutorial.o(.text.LCD_command) for LCD_command
    tutorial.o(.text.clear_lcd) refers to tutorial.o(.text.LCD_data) for LCD_data
    tutorial.o(.ARM.exidx.text.clear_lcd) refers to tutorial.o(.text.clear_lcd) for [Anonymous Symbol]
    tutorial.o(.text.print_fnc) refers to tutorial.o(.text.LCD_data) for LCD_data
    tutorial.o(.ARM.exidx.text.print_fnc) refers to tutorial.o(.text.print_fnc) for [Anonymous Symbol]
    tutorial.o(.text.print_to_arr) refers to ffixi.o(.text) for __aeabi_f2iz
    tutorial.o(.text.print_to_arr) refers to fflti.o(.text) for __aeabi_i2f
    tutorial.o(.text.print_to_arr) refers to faddsub.o(x$fpl$fsub) for __aeabi_fsub
    tutorial.o(.text.print_to_arr) refers to fmul.o(x$fpl$fmul) for __aeabi_fmul
    tutorial.o(.text.print_to_arr) refers to aeabi_sdiv.o(.text) for __aeabi_idiv
    tutorial.o(.ARM.exidx.text.print_to_arr) refers to tutorial.o(.text.print_to_arr) for [Anonymous Symbol]
    tutorial.o(.text.blink) refers to tutorial.o(.text.Delay) for Delay
    tutorial.o(.ARM.exidx.text.blink) refers to tutorial.o(.text.blink) for [Anonymous Symbol]
    tutorial.o(.text.LCD_command) refers to tutorial.o(.text.LCD_ready) for LCD_ready
    tutorial.o(.text.LCD_command) refers to tutorial.o(.text.Delay) for Delay
    tutorial.o(.ARM.exidx.text.LCD_command) refers to tutorial.o(.text.LCD_command) for [Anonymous Symbol]
    tutorial.o(.text.LCD_init) refers to tutorial.o(.text.LCD_command) for LCD_command
    tutorial.o(.ARM.exidx.text.LCD_init) refers to tutorial.o(.text.LCD_init) for [Anonymous Symbol]
    tutorial.o(.text.LCD_ready) refers to tutorial.o(.text.Delay) for Delay
    tutorial.o(.ARM.exidx.text.LCD_ready) refers to tutorial.o(.text.LCD_ready) for [Anonymous Symbol]
    tutorial.o(.ARM.exidx.text.keypad_init) refers to tutorial.o(.text.keypad_init) for [Anonymous Symbol]
    tutorial.o(.text.main) refers to tutorial.o(.text.LCD_init) for LCD_init
    tutorial.o(.text.main) refers to tutorial.o(.text.LCD_command) for LCD_command
    tutorial.o(.text.main) refers to tutorial.o(.text.print_fnc) for print_fnc
    tutorial.o(.text.main) refers to tutorial.o(.text.init_sys) for init_sys
    tutorial.o(.text.main) refers to tutorial.o(.text.DAC0_init) for DAC0_init
    tutorial.o(.text.main) refers to tutorial.o(.text.ADC0_init) for ADC0_init
    tutorial.o(.text.main) refers to tutorial.o(.text.Delay) for Delay
    tutorial.o(.text.main) refers to aeabi_sdiv.o(.text) for __aeabi_uidiv
    tutorial.o(.text.main) refers to fflti.o(.text) for __aeabi_i2f
    tutorial.o(.text.main) refers to fmul.o(x$fpl$fmul) for __aeabi_fmul
    tutorial.o(.text.main) refers to ffixi.o(.text) for __aeabi_f2iz
    tutorial.o(.text.main) refers to dflti.o(.text) for __aeabi_ui2d
    tutorial.o(.text.main) refers to ddiv.o(.text) for __aeabi_ddiv
    tutorial.o(.text.main) refers to d2f.o(.text) for __aeabi_d2f
    tutorial.o(.text.main) refers to tutorial.o(.rodata.str1.1) for [Anonymous Symbol]
    tutorial.o(.text.main) refers to tutorial.o(.bss.m) for m
    tutorial.o(.text.main) refers to tutorial.o(.bss.sawtoothwave) for sawtoothwave
    tutorial.o(.text.main) refers to tutorial.o(.rodata.main.sinwawe) for [Anonymous Symbol]
    tutorial.o(.text.main) refers to tutorial.o(.data.n) for [Anonymous Symbol]
    tutorial.o(.text.main) refers to tutorial.o(.bss.squarewave) for squarewave
    tutorial.o(.ARM.exidx.text.main) refers to tutorial.o(.text.main) for [Anonymous Symbol]
    tutorial.o(.ARM.exidx.text.init_sys) refers to tutorial.o(.text.init_sys) for [Anonymous Symbol]
    tutorial.o(.ARM.exidx.text.DAC0_init) refers to tutorial.o(.text.DAC0_init) for [Anonymous Symbol]
    tutorial.o(.ARM.exidx.text.ADC0_init) refers to tutorial.o(.text.ADC0_init) for [Anonymous Symbol]
    tutorial.o(.text.SysTick_Handler) refers to dflti.o(.text) for __aeabi_ui2d
    tutorial.o(.text.SysTick_Handler) refers to dmul.o(.text) for __aeabi_dmul
    tutorial.o(.text.SysTick_Handler) refers to ddiv.o(.text) for __aeabi_ddiv
    tutorial.o(.text.SysTick_Handler) refers to dfixui.o(.text) for __aeabi_d2uiz
    tutorial.o(.text.SysTick_Handler) refers to fflti.o(.text) for __aeabi_ui2f
    tutorial.o(.text.SysTick_Handler) refers to ffixui.o(.text) for __aeabi_f2uiz
    tutorial.o(.text.SysTick_Handler) refers to tutorial.o(.text.print_to_arr) for print_to_arr
    tutorial.o(.text.SysTick_Handler) refers to tutorial.o(.text.LCD_command) for LCD_command
    tutorial.o(.text.SysTick_Handler) refers to tutorial.o(.text.print_fnc) for print_fnc
    tutorial.o(.text.SysTick_Handler) refers to tutorial.o(.text.LCD_data) for LCD_data
    tutorial.o(.text.SysTick_Handler) refers to tutorial.o(.rodata.str1.1) for [Anonymous Symbol]
    tutorial.o(.ARM.exidx.text.SysTick_Handler) refers to tutorial.o(.text.SysTick_Handler) for [Anonymous Symbol]
    tutorial.o(.text.PORTA_IRQHandler) refers to tutorial.o(.text.Delay) for Delay
    tutorial.o(.text.PORTA_IRQHandler) refers to aeabi_sdiv.o(.text) for __aeabi_idivmod
    tutorial.o(.text.PORTA_IRQHandler) refers to tutorial.o(.bss.m) for m
    tutorial.o(.ARM.exidx.text.PORTA_IRQHandler) refers to tutorial.o(.text.PORTA_IRQHandler) for [Anonymous Symbol]
    startup_mkl25z4.o(STACK) refers (Special) to heapauxi.o(.text) for __use_two_region_memory
    startup_mkl25z4.o(HEAP) refers (Special) to heapauxi.o(.text) for __use_two_region_memory
    startup_mkl25z4.o(RESET) refers (Special) to heapauxi.o(.text) for __use_two_region_memory
    startup_mkl25z4.o(RESET) refers to startup_mkl25z4.o(STACK) for __initial_sp
    startup_mkl25z4.o(RESET) refers to startup_mkl25z4.o(.text) for Reset_Handler
    startup_mkl25z4.o(RESET) refers to tutorial.o(.text.SysTick_Handler) for SysTick_Handler
    startup_mkl25z4.o(RESET) refers to tutorial.o(.text.PORTA_IRQHandler) for PORTA_IRQHandler
    startup_mkl25z4.o(.ARM.__at_0x400) refers (Special) to heapauxi.o(.text) for __use_two_region_memory
    startup_mkl25z4.o(.text) refers (Special) to heapauxi.o(.text) for __use_two_region_memory
    startup_mkl25z4.o(.text) refers to system_mkl25z4.o(.text.SystemInit) for SystemInit
    startup_mkl25z4.o(.text) refers to __main.o(!!!main) for __main
    startup_mkl25z4.o(.text) refers to startup_mkl25z4.o(HEAP) for Heap_Mem
    startup_mkl25z4.o(.text) refers to startup_mkl25z4.o(STACK) for Stack_Mem
    system_mkl25z4.o(.ARM.exidx.text.SystemInit) refers to system_mkl25z4.o(.text.SystemInit) for [Anonymous Symbol]
    system_mkl25z4.o(.text.SystemCoreClockUpdate) refers to aeabi_sdiv.o(.text) for __aeabi_uidiv
    system_mkl25z4.o(.text.SystemCoreClockUpdate) refers to system_mkl25z4.o(.data.SystemCoreClock) for SystemCoreClock
    system_mkl25z4.o(.ARM.exidx.text.SystemCoreClockUpdate) refers to system_mkl25z4.o(.text.SystemCoreClockUpdate) for [Anonymous Symbol]
    __main.o(!!!main) refers to __rtentry.o(.ARM.Collect$$rtentry$$00000000) for __rt_entry
    d2f.o(.text) refers (Special) to usenofp.o(x$fpl$usenofp) for __I$use$fp
    ddiv.o(.text) refers (Special) to usenofp.o(x$fpl$usenofp) for __I$use$fp
    ddiv.o(.text) refers to ddiv.o(.constdata) for .constdata
    ddiv.o(.constdata) refers (Special) to usenofp.o(x$fpl$usenofp) for __I$use$fp
    dfixui.o(.text) refers (Special) to usenofp.o(x$fpl$usenofp) for __I$use$fp
    dflti.o(.text) refers (Special) to usenofp.o(x$fpl$usenofp) for __I$use$fp
    dmul.o(.text) refers (Special) to usenofp.o(x$fpl$usenofp) for __I$use$fp
    faddsub.o(x$fpl$fadd) refers (Special) to usenofp.o(x$fpl$usenofp) for __I$use$fp
    faddsub.o(x$fpl$fadd) refers to faddsub.o(x$fpl$fsub) for _fsub1
    faddsub.o(x$fpl$frsb) refers (Special) to usenofp.o(x$fpl$usenofp) for __I$use$fp
    faddsub.o(x$fpl$frsb) refers to faddsub.o(x$fpl$fsub) for _fsub1
    faddsub.o(x$fpl$frsb) refers to faddsub.o(x$fpl$fadd) for _fadd1
    faddsub.o(x$fpl$fsub) refers (Special) to usenofp.o(x$fpl$usenofp) for __I$use$fp
    faddsub.o(x$fpl$fsub) refers to faddsub.o(x$fpl$fadd) for _fadd1
    ffixi.o(.text) refers (Special) to usenofp.o(x$fpl$usenofp) for __I$use$fp
    ffixui.o(.text) refers (Special) to usenofp.o(x$fpl$usenofp) for __I$use$fp
    fflti.o(.text) refers (Special) to usenofp.o(x$fpl$usenofp) for __I$use$fp
    fmul.o(x$fpl$fmul) refers (Special) to usenofp.o(x$fpl$usenofp) for __I$use$fp
    __rtentry.o(.ARM.Collect$$rtentry$$00000000) refers (Special) to __rtentry2.o(.ARM.Collect$$rtentry$$0000000A) for __rt_entry_li
    __rtentry.o(.ARM.Collect$$rtentry$$00000000) refers (Special) to __rtentry2.o(.ARM.Collect$$rtentry$$0000000D) for __rt_entry_main
    __rtentry.o(.ARM.Collect$$rtentry$$00000000) refers (Special) to __rtentry2.o(.ARM.Collect$$rtentry$$0000000C) for __rt_entry_postli_1
    __rtentry.o(.ARM.Collect$$rtentry$$00000000) refers (Special) to __rtentry2.o(.ARM.Collect$$rtentry$$00000009) for __rt_entry_postsh_1
    __rtentry.o(.ARM.Collect$$rtentry$$00000000) refers (Special) to __rtentry2.o(.ARM.Collect$$rtentry$$00000002) for __rt_entry_presh_1
    __rtentry.o(.ARM.Collect$$rtentry$$00000000) refers (Special) to __rtentry4.o(.ARM.Collect$$rtentry$$00000004) for __rt_entry_sh
    aeabi_idiv0_sigfpe.o(.text) refers to rt_div0.o(.text) for __rt_div0
    __rtentry2.o(.ARM.Collect$$rtentry$$00000008) refers to boardinit2.o(.text) for _platform_post_stackheap_init
    __rtentry2.o(.ARM.Collect$$rtentry$$0000000A) refers to libinit.o(.ARM.Collect$$libinit$$00000000) for __rt_lib_init
    __rtentry2.o(.ARM.Collect$$rtentry$$0000000B) refers to boardinit3.o(.text) for _platform_post_lib_init
    __rtentry2.o(.ARM.Collect$$rtentry$$0000000D) refers to tutorial.o(.text.main) for main
    __rtentry2.o(.ARM.Collect$$rtentry$$0000000D) refers to exit.o(.text) for exit
    __rtentry2.o(.ARM.exidx) refers to __rtentry2.o(.ARM.Collect$$rtentry$$00000001) for .ARM.Collect$$rtentry$$00000001
    __rtentry2.o(.ARM.exidx) refers to __rtentry2.o(.ARM.Collect$$rtentry$$00000008) for .ARM.Collect$$rtentry$$00000008
    __rtentry2.o(.ARM.exidx) refers to __rtentry2.o(.ARM.Collect$$rtentry$$0000000A) for .ARM.Collect$$rtentry$$0000000A
    __rtentry2.o(.ARM.exidx) refers to __rtentry2.o(.ARM.Collect$$rtentry$$0000000B) for .ARM.Collect$$rtentry$$0000000B
    __rtentry2.o(.ARM.exidx) refers to __rtentry2.o(.ARM.Collect$$rtentry$$0000000D) for .ARM.Collect$$rtentry$$0000000D
    __rtentry4.o(.ARM.Collect$$rtentry$$00000004) refers to sys_stackheap_outer.o(.text) for __user_setup_stackheap
    __rtentry4.o(.ARM.exidx) refers to __rtentry4.o(.ARM.Collect$$rtentry$$00000004) for .ARM.Collect$$rtentry$$00000004
    rt_div0.o(.text) refers to defsig_fpe_outer.o(.text) for __rt_SIGFPE
    sys_stackheap_outer.o(.text) refers to libspace.o(.text) for __user_perproc_libspace
    sys_stackheap_outer.o(.text) refers to startup_mkl25z4.o(.text) for __user_initial_stackheap
    sys_stackheap_outer.o(__vectab_stack_and_reset_area) refers to tempstk.o(.text) for __temporary_stack_top
    sys_stackheap_outer.o(__vectab_stack_and_reset_area) refers to __main.o(!!!main) for __main
    exit.o(.text) refers to rtexit.o(.ARM.Collect$$rtexit$$00000000) for __rt_exit
    defsig_fpe_outer.o(.text) refers to defsig_fpe_inner.o(.text) for __rt_SIGFPE_inner
    defsig_fpe_outer.o(.text) refers to defsig_exit.o(.text) for __sig_exit
    defsig_fpe_formal.o(.text) refers to rt_raise.o(.text) for __rt_raise
    libinit.o(.ARM.Collect$$libinit$$00000000) refers (Special) to libinit2.o(.ARM.Collect$$libinit$$00000030) for __rt_lib_init_alloca_1
    libinit.o(.ARM.Collect$$libinit$$00000000) refers (Special) to libinit2.o(.ARM.Collect$$libinit$$0000002E) for __rt_lib_init_argv_1
    libinit.o(.ARM.Collect$$libinit$$00000000) refers (Special) to libinit2.o(.ARM.Collect$$libinit$$0000001D) for __rt_lib_init_atexit_1
    libinit.o(.ARM.Collect$$libinit$$00000000) refers (Special) to libinit2.o(.ARM.Collect$$libinit$$00000023) for __rt_lib_init_clock_1
    libinit.o(.ARM.Collect$$libinit$$00000000) refers (Special) to libinit2.o(.ARM.Collect$$libinit$$00000034) for __rt_lib_init_cpp_1
    libinit.o(.ARM.Collect$$libinit$$00000000) refers (Special) to libinit2.o(.ARM.Collect$$libinit$$00000032) for __rt_lib_init_exceptions_1
    libinit.o(.ARM.Collect$$libinit$$00000000) refers (Special) to libinit2.o(.ARM.Collect$$libinit$$00000002) for __rt_lib_init_fp_1
    libinit.o(.ARM.Collect$$libinit$$00000000) refers (Special) to libinit2.o(.ARM.Collect$$libinit$$00000021) for __rt_lib_init_fp_trap_1
    libinit.o(.ARM.Collect$$libinit$$00000000) refers (Special) to libinit2.o(.ARM.Collect$$libinit$$00000025) for __rt_lib_init_getenv_1
    libinit.o(.ARM.Collect$$libinit$$00000000) refers (Special) to libinit2.o(.ARM.Collect$$libinit$$0000000C) for __rt_lib_init_heap_1
    libinit.o(.ARM.Collect$$libinit$$00000000) refers (Special) to libinit2.o(.ARM.Collect$$libinit$$00000013) for __rt_lib_init_lc_collate_1
    libinit.o(.ARM.Collect$$libinit$$00000000) refers (Special) to libinit2.o(.ARM.Collect$$libinit$$00000015) for __rt_lib_init_lc_ctype_1
    libinit.o(.ARM.Collect$$libinit$$00000000) refers (Special) to libinit2.o(.ARM.Collect$$libinit$$00000017) for __rt_lib_init_lc_monetary_1
    libinit.o(.ARM.Collect$$libinit$$00000000) refers (Special) to libinit2.o(.ARM.Collect$$libinit$$00000019) for __rt_lib_init_lc_numeric_1
    libinit.o(.ARM.Collect$$libinit$$00000000) refers (Special) to libinit2.o(.ARM.Collect$$libinit$$0000001B) for __rt_lib_init_lc_time_1
    libinit.o(.ARM.Collect$$libinit$$00000000) refers (Special) to libinit2.o(.ARM.Collect$$libinit$$00000006) for __rt_lib_init_preinit_1
    libinit.o(.ARM.Collect$$libinit$$00000000) refers (Special) to libinit2.o(.ARM.Collect$$libinit$$00000010) for __rt_lib_init_rand_1
    libinit.o(.ARM.Collect$$libinit$$00000000) refers (Special) to libinit2.o(.ARM.Collect$$libinit$$00000004) for __rt_lib_init_relocate_pie_1
    libinit.o(.ARM.Collect$$libinit$$00000000) refers (Special) to libinit2.o(.ARM.Collect$$libinit$$00000035) for __rt_lib_init_return
    libinit.o(.ARM.Collect$$libinit$$00000000) refers (Special) to libinit2.o(.ARM.Collect$$libinit$$0000001F) for __rt_lib_init_signal_1
    libinit.o(.ARM.Collect$$libinit$$00000000) refers (Special) to libinit2.o(.ARM.Collect$$libinit$$00000027) for __rt_lib_init_stdio_1
    libinit.o(.ARM.Collect$$libinit$$00000000) refers (Special) to libinit2.o(.ARM.Collect$$libinit$$0000000E) for __rt_lib_init_user_alloc_1
    libspace.o(.text) refers to libspace.o(.bss) for __libspace_start
    rtexit.o(.ARM.Collect$$rtexit$$00000000) refers (Special) to rtexit2.o(.ARM.Collect$$rtexit$$00000004) for __rt_exit_exit
    rtexit.o(.ARM.Collect$$rtexit$$00000000) refers (Special) to rtexit2.o(.ARM.Collect$$rtexit$$00000003) for __rt_exit_ls
    rtexit.o(.ARM.Collect$$rtexit$$00000000) refers (Special) to rtexit2.o(.ARM.Collect$$rtexit$$00000002) for __rt_exit_prels_1
    rtexit.o(.ARM.exidx) refers (Special) to rtexit2.o(.ARM.Collect$$rtexit$$00000004) for __rt_exit_exit
    rtexit.o(.ARM.exidx) refers (Special) to rtexit2.o(.ARM.Collect$$rtexit$$00000003) for __rt_exit_ls
    rtexit.o(.ARM.exidx) refers (Special) to rtexit2.o(.ARM.Collect$$rtexit$$00000002) for __rt_exit_prels_1
    rtexit.o(.ARM.exidx) refers to rtexit.o(.ARM.Collect$$rtexit$$00000000) for .ARM.Collect$$rtexit$$00000000
    rt_raise.o(.text) refers to __raise.o(.text) for __raise
    rt_raise.o(.text) refers to sys_exit.o(.text) for _sys_exit
    defsig_exit.o(.text) refers to sys_exit.o(.text) for _sys_exit
    defsig_fpe_inner.o(.text) refers to defsig_general.o(.text) for __default_signal_display
    libinit2.o(.ARM.Collect$$libinit$$00000012) refers to libinit2.o(.ARM.Collect$$libinit$$00000011) for .ARM.Collect$$libinit$$00000011
    libinit2.o(.ARM.Collect$$libinit$$00000014) refers to libinit2.o(.ARM.Collect$$libinit$$00000011) for .ARM.Collect$$libinit$$00000011
    libinit2.o(.ARM.Collect$$libinit$$00000016) refers to libinit2.o(.ARM.Collect$$libinit$$00000011) for .ARM.Collect$$libinit$$00000011
    libinit2.o(.ARM.Collect$$libinit$$00000018) refers to libinit2.o(.ARM.Collect$$libinit$$00000011) for .ARM.Collect$$libinit$$00000011
    libinit2.o(.ARM.Collect$$libinit$$0000001A) refers to libinit2.o(.ARM.Collect$$libinit$$00000011) for .ARM.Collect$$libinit$$00000011
    libinit2.o(.ARM.Collect$$libinit$$00000028) refers to argv_veneer.o(.text) for __ARM_argv_veneer
    libinit2.o(.ARM.Collect$$libinit$$00000029) refers to argv_veneer.o(.text) for __ARM_argv_veneer
    sys_exit.o(.text) refers (Special) to use_no_semi.o(.text) for __I$use$semihosting
    sys_exit.o(.text) refers (Special) to indicate_semi.o(.text) for __semihosting_library_function
    sys_exit_hlt.o(.text) refers (Special) to use_no_semi.o(.text) for __I$use$semihosting
    sys_exit_hlt.o(.text) refers (Special) to indicate_semi.o(.text) for __semihosting_library_function
    rtexit2.o(.ARM.Collect$$rtexit$$00000003) refers to libshutdown.o(.ARM.Collect$$libshutdown$$00000000) for __rt_lib_shutdown
    rtexit2.o(.ARM.Collect$$rtexit$$00000004) refers to sys_exit.o(.text) for _sys_exit
    rtexit2.o(.ARM.exidx) refers to rtexit2.o(.ARM.Collect$$rtexit$$00000001) for .ARM.Collect$$rtexit$$00000001
    rtexit2.o(.ARM.exidx) refers to rtexit2.o(.ARM.Collect$$rtexit$$00000003) for .ARM.Collect$$rtexit$$00000003
    rtexit2.o(.ARM.exidx) refers to rtexit2.o(.ARM.Collect$$rtexit$$00000004) for .ARM.Collect$$rtexit$$00000004
    __raise.o(.text) refers to defsig.o(CL$$defsig) for __default_signal_handler
    defsig_general.o(.text) refers to sys_wrch.o(.text) for _ttywrch
    sys_wrch.o(.text) refers (Special) to use_no_semi.o(.text) for __I$use$semihosting
    sys_wrch.o(.text) refers (Special) to indicate_semi.o(.text) for __semihosting_library_function
    sys_wrch_hlt.o(.text) refers (Special) to use_no_semi.o(.text) for __I$use$semihosting
    sys_wrch_hlt.o(.text) refers (Special) to indicate_semi.o(.text) for __semihosting_library_function
    defsig.o(CL$$defsig) refers to defsig_fpe_inner.o(.text) for __rt_SIGFPE_inner
    defsig.o(CL$$defsig) refers to defsig_rtmem_inner.o(.text) for __rt_SIGRTMEM_inner
    _get_argv_nomalloc.o(.text) refers (Special) to hrguard.o(.text) for __heap_region$guard
    _get_argv_nomalloc.o(.text) refers to defsig_rtmem_outer.o(.text) for __rt_SIGRTMEM
    _get_argv_nomalloc.o(.text) refers to sys_command.o(.text) for _sys_command_string
    libshutdown.o(.ARM.Collect$$libshutdown$$00000000) refers (Special) to libshutdown2.o(.ARM.Collect$$libshutdown$$00000002) for __rt_lib_shutdown_cpp_1
    libshutdown.o(.ARM.Collect$$libshutdown$$00000000) refers (Special) to libshutdown2.o(.ARM.Collect$$libshutdown$$00000007) for __rt_lib_shutdown_fp_trap_1
    libshutdown.o(.ARM.Collect$$libshutdown$$00000000) refers (Special) to libshutdown2.o(.ARM.Collect$$libshutdown$$0000000F) for __rt_lib_shutdown_heap_1
    libshutdown.o(.ARM.Collect$$libshutdown$$00000000) refers (Special) to libshutdown2.o(.ARM.Collect$$libshutdown$$00000010) for __rt_lib_shutdown_return
    libshutdown.o(.ARM.Collect$$libshutdown$$00000000) refers (Special) to libshutdown2.o(.ARM.Collect$$libshutdown$$0000000A) for __rt_lib_shutdown_signal_1
    libshutdown.o(.ARM.Collect$$libshutdown$$00000000) refers (Special) to libshutdown2.o(.ARM.Collect$$libshutdown$$00000004) for __rt_lib_shutdown_stdio_1
    libshutdown.o(.ARM.Collect$$libshutdown$$00000000) refers (Special) to libshutdown2.o(.ARM.Collect$$libshutdown$$0000000C) for __rt_lib_shutdown_user_alloc_1
    sys_command.o(.text) refers (Special) to use_no_semi.o(.text) for __I$use$semihosting
    sys_command.o(.text) refers (Special) to indicate_semi.o(.text) for __semihosting_library_function
    sys_command_hlt.o(.text) refers (Special) to use_no_semi.o(.text) for __I$use$semihosting
    sys_command_hlt.o(.text) refers (Special) to indicate_semi.o(.text) for __semihosting_library_function
    defsig_abrt_inner.o(.text) refers to defsig_general.o(.text) for __default_signal_display
    defsig_rtred_inner.o(.text) refers to defsig_general.o(.text) for __default_signal_display
    defsig_rtmem_inner.o(.text) refers to defsig_general.o(.text) for __default_signal_display
    defsig_rtmem_outer.o(.text) refers to defsig_rtmem_inner.o(.text) for __rt_SIGRTMEM_inner
    defsig_rtmem_outer.o(.text) refers to defsig_exit.o(.text) for __sig_exit
    defsig_rtmem_formal.o(.text) refers to rt_raise.o(.text) for __rt_raise
    defsig_stak_inner.o(.text) refers to defsig_general.o(.text) for __default_signal_display
    defsig_pvfn_inner.o(.text) refers to defsig_general.o(.text) for __default_signal_display
    defsig_cppl_inner.o(.text) refers to defsig_general.o(.text) for __default_signal_display
    defsig_segv_inner.o(.text) refers to defsig_general.o(.text) for __default_signal_display
    defsig_other.o(.text) refers to defsig_general.o(.text) for __default_signal_display


==============================================================================

Removing Unused input sections from the image.

    Removing tutorial.o(.text), (0 bytes).
    Removing tutorial.o(.text.get_number_from_keypad), (164 bytes).
    Removing tutorial.o(.ARM.exidx.text.get_number_from_keypad), (8 bytes).
    Removing tutorial.o(.ARM.exidx.text.Delay), (8 bytes).
    Removing tutorial.o(.text.keypad_getkey), (260 bytes).
    Removing tutorial.o(.ARM.exidx.text.keypad_getkey), (8 bytes).
    Removing tutorial.o(.ARM.exidx.text.LCD_data), (8 bytes).
    Removing tutorial.o(.text.read_to_buffer), (280 bytes).
    Removing tutorial.o(.ARM.exidx.text.read_to_buffer), (8 bytes).
    Removing tutorial.o(.text.clear_lcd), (86 bytes).
    Removing tutorial.o(.ARM.exidx.text.clear_lcd), (8 bytes).
    Removing tutorial.o(.ARM.exidx.text.print_fnc), (8 bytes).
    Removing tutorial.o(.ARM.exidx.text.print_to_arr), (8 bytes).
    Removing tutorial.o(.text.blink), (100 bytes).
    Removing tutorial.o(.ARM.exidx.text.blink), (8 bytes).
    Removing tutorial.o(.ARM.exidx.text.LCD_command), (8 bytes).
    Removing tutorial.o(.ARM.exidx.text.LCD_init), (8 bytes).
    Removing tutorial.o(.ARM.exidx.text.LCD_ready), (8 bytes).
    Removing tutorial.o(.text.keypad_init), (96 bytes).
    Removing tutorial.o(.ARM.exidx.text.keypad_init), (8 bytes).
    Removing tutorial.o(.ARM.exidx.text.main), (8 bytes).
    Removing tutorial.o(.ARM.exidx.text.init_sys), (8 bytes).
    Removing tutorial.o(.ARM.exidx.text.DAC0_init), (8 bytes).
    Removing tutorial.o(.ARM.exidx.text.ADC0_init), (8 bytes).
    Removing tutorial.o(.ARM.exidx.text.SysTick_Handler), (8 bytes).
    Removing tutorial.o(.ARM.exidx.text.PORTA_IRQHandler), (8 bytes).
    Removing tutorial.o(.rodata.cst16), (32 bytes).
    Removing tutorial.o(.rodata.cst4), (4 bytes).
    Removing tutorial.o(.ARM.use_no_argv), (4 bytes).
    Removing system_mkl25z4.o(.text), (0 bytes).
    Removing system_mkl25z4.o(.ARM.exidx.text.SystemInit), (8 bytes).
    Removing system_mkl25z4.o(.text.SystemCoreClockUpdate), (556 bytes).
    Removing system_mkl25z4.o(.ARM.exidx.text.SystemCoreClockUpdate), (8 bytes).
    Removing system_mkl25z4.o(.data.SystemCoreClock), (4 bytes).

34 unused section(s) (total 1754 bytes) removed from the image.

==============================================================================

Image Symbol Table

    Local Symbols

    Symbol Name                              Value     Ov Type        Size  Object(Section)

    ../clib/angel/boardlib.s                 0x00000000   Number         0  boardinit1.o ABSOLUTE
    ../clib/angel/boardlib.s                 0x00000000   Number         0  boardinit2.o ABSOLUTE
    ../clib/angel/boardlib.s                 0x00000000   Number         0  boardinit3.o ABSOLUTE
    ../clib/angel/boardlib.s                 0x00000000   Number         0  boardshut.o ABSOLUTE
    ../clib/angel/handlers.s                 0x00000000   Number         0  __scatter_copy.o ABSOLUTE
    ../clib/angel/handlers.s                 0x00000000   Number         0  __scatter_zi.o ABSOLUTE
    ../clib/angel/kernel.s                   0x00000000   Number         0  __rtentry.o ABSOLUTE
    ../clib/angel/kernel.s                   0x00000000   Number         0  __rtentry2.o ABSOLUTE
    ../clib/angel/kernel.s                   0x00000000   Number         0  __rtentry4.o ABSOLUTE
    ../clib/angel/kernel.s                   0x00000000   Number         0  rtexit.o ABSOLUTE
    ../clib/angel/kernel.s                   0x00000000   Number         0  rtexit2.o ABSOLUTE
    ../clib/angel/rt.s                       0x00000000   Number         0  aeabi_idiv0.o ABSOLUTE
    ../clib/angel/rt.s                       0x00000000   Number         0  aeabi_idiv0_sigfpe.o ABSOLUTE
    ../clib/angel/rt.s                       0x00000000   Number         0  rt_div0.o ABSOLUTE
    ../clib/angel/rt.s                       0x00000000   Number         0  rt_raise.o ABSOLUTE
    ../clib/angel/scatterp.s                 0x00000000   Number         0  __scatter.o ABSOLUTE
    ../clib/angel/startup.s                  0x00000000   Number         0  __main.o ABSOLUTE
    ../clib/angel/sys.s                      0x00000000   Number         0  sys_stackheap_outer.o ABSOLUTE
    ../clib/angel/sys.s                      0x00000000   Number         0  libspace.o ABSOLUTE
    ../clib/angel/sys.s                      0x00000000   Number         0  tempstk.o ABSOLUTE
    ../clib/angel/sys.s                      0x00000000   Number         0  use_no_semi.o ABSOLUTE
    ../clib/angel/sys.s                      0x00000000   Number         0  indicate_semi.o ABSOLUTE
    ../clib/angel/sysapp.c                   0x00000000   Number         0  sys_exit.o ABSOLUTE
    ../clib/angel/sysapp.c                   0x00000000   Number         0  sys_exit_hlt.o ABSOLUTE
    ../clib/angel/sysapp.c                   0x00000000   Number         0  sys_wrch.o ABSOLUTE
    ../clib/angel/sysapp.c                   0x00000000   Number         0  sys_wrch_hlt.o ABSOLUTE
    ../clib/angel/sysapp.c                   0x00000000   Number         0  sys_command.o ABSOLUTE
    ../clib/angel/sysapp.c                   0x00000000   Number         0  sys_command_hlt.o ABSOLUTE
    ../clib/armsys.c                         0x00000000   Number         0  argv_veneer.o ABSOLUTE
    ../clib/armsys.c                         0x00000000   Number         0  _get_argv_nomalloc.o ABSOLUTE
    ../clib/armsys.c                         0x00000000   Number         0  no_argv.o ABSOLUTE
    ../clib/division.s                       0x00000000   Number         0  aeabi_sdiv.o ABSOLUTE
    ../clib/division.s                       0x00000000   Number         0  aeabi_sdiv_div0.o ABSOLUTE
    ../clib/heapalloc.c                      0x00000000   Number         0  hrguard.o ABSOLUTE
    ../clib/heapaux.c                        0x00000000   Number         0  heapauxi.o ABSOLUTE
    ../clib/libinit.s                        0x00000000   Number         0  libinit.o ABSOLUTE
    ../clib/libinit.s                        0x00000000   Number         0  libinit2.o ABSOLUTE
    ../clib/libinit.s                        0x00000000   Number         0  libshutdown.o ABSOLUTE
    ../clib/libinit.s                        0x00000000   Number         0  libshutdown2.o ABSOLUTE
    ../clib/signal.c                         0x00000000   Number         0  defsig_fpe_outer.o ABSOLUTE
    ../clib/signal.c                         0x00000000   Number         0  defsig_fpe_formal.o ABSOLUTE
    ../clib/signal.c                         0x00000000   Number         0  defsig_exit.o ABSOLUTE
    ../clib/signal.c                         0x00000000   Number         0  defsig_fpe_inner.o ABSOLUTE
    ../clib/signal.c                         0x00000000   Number         0  __raise.o ABSOLUTE
    ../clib/signal.c                         0x00000000   Number         0  defsig_general.o ABSOLUTE
    ../clib/signal.c                         0x00000000   Number         0  defsig_abrt_inner.o ABSOLUTE
    ../clib/signal.c                         0x00000000   Number         0  defsig_rtred_inner.o ABSOLUTE
    ../clib/signal.c                         0x00000000   Number         0  defsig_rtmem_inner.o ABSOLUTE
    ../clib/signal.c                         0x00000000   Number         0  defsig_rtmem_outer.o ABSOLUTE
    ../clib/signal.c                         0x00000000   Number         0  defsig_rtmem_formal.o ABSOLUTE
    ../clib/signal.c                         0x00000000   Number         0  defsig_stak_inner.o ABSOLUTE
    ../clib/signal.c                         0x00000000   Number         0  defsig_pvfn_inner.o ABSOLUTE
    ../clib/signal.c                         0x00000000   Number         0  defsig_cppl_inner.o ABSOLUTE
    ../clib/signal.c                         0x00000000   Number         0  defsig_segv_inner.o ABSOLUTE
    ../clib/signal.c                         0x00000000   Number         0  defsig_other.o ABSOLUTE
    ../clib/signal.s                         0x00000000   Number         0  defsig.o ABSOLUTE
    ../clib/stdlib.c                         0x00000000   Number         0  exit.o ABSOLUTE
    ../fplib/cfplib/d2f.c                    0x00000000   Number         0  d2f.o ABSOLUTE
    ../fplib/cfplib/ddiv.c                   0x00000000   Number         0  ddiv.o ABSOLUTE
    ../fplib/cfplib/dmul.c                   0x00000000   Number         0  dmul.o ABSOLUTE
    ../fplib/cfplib/ffix.c                   0x00000000   Number         0  dfixui.o ABSOLUTE
    ../fplib/cfplib/ffix.c                   0x00000000   Number         0  ffixi.o ABSOLUTE
    ../fplib/cfplib/ffix.c                   0x00000000   Number         0  ffixui.o ABSOLUTE
    ../fplib/cfplib/fflt.c                   0x00000000   Number         0  dflti.o ABSOLUTE
    ../fplib/cfplib/fflt.c                   0x00000000   Number         0  fflti.o ABSOLUTE
    ../fplib/cfplib/fpinit.c                 0x00000000   Number         0  fpinit.o ABSOLUTE
    ../fplib/faddsub6m.s                     0x00000000   Number         0  faddsub.o ABSOLUTE
    ../fplib/fmul6m.s                        0x00000000   Number         0  fmul.o ABSOLUTE
    ../fplib/usenofp.s                       0x00000000   Number         0  usenofp.o ABSOLUTE
    RTE/Device/MKL25Z128xxx4/startup_MKL25Z4.s 0x00000000   Number         0  startup_mkl25z4.o ABSOLUTE
    dc.s                                     0x00000000   Number         0  dc.o ABSOLUTE
    system_MKL25Z4.c                         0x00000000   Number         0  system_mkl25z4.o ABSOLUTE
    tutorial.c                               0x00000000   Number         0  tutorial.o ABSOLUTE
    RESET                                    0x00000000   Section      192  startup_mkl25z4.o(RESET)
    !!!main                                  0x000000c0   Section        8  __main.o(!!!main)
    !!!scatter                               0x000000c8   Section       60  __scatter.o(!!!scatter)
    !!handler_copy                           0x00000104   Section       26  __scatter_copy.o(!!handler_copy)
    !!handler_zi                             0x00000120   Section       28  __scatter_zi.o(!!handler_zi)
    .ARM.Collect$$libinit$$00000000          0x0000013c   Section        2  libinit.o(.ARM.Collect$$libinit$$00000000)
    .ARM.Collect$$libinit$$00000002          0x0000013e   Section        0  libinit2.o(.ARM.Collect$$libinit$$00000002)
    .ARM.Collect$$libinit$$00000004          0x0000013e   Section        0  libinit2.o(.ARM.Collect$$libinit$$00000004)
    .ARM.Collect$$libinit$$00000006          0x0000013e   Section        0  libinit2.o(.ARM.Collect$$libinit$$00000006)
    .ARM.Collect$$libinit$$0000000C          0x0000013e   Section        0  libinit2.o(.ARM.Collect$$libinit$$0000000C)
    .ARM.Collect$$libinit$$0000000E          0x0000013e   Section        0  libinit2.o(.ARM.Collect$$libinit$$0000000E)
    .ARM.Collect$$libinit$$00000010          0x0000013e   Section        0  libinit2.o(.ARM.Collect$$libinit$$00000010)
    .ARM.Collect$$libinit$$00000013          0x0000013e   Section        0  libinit2.o(.ARM.Collect$$libinit$$00000013)
    .ARM.Collect$$libinit$$00000015          0x0000013e   Section        0  libinit2.o(.ARM.Collect$$libinit$$00000015)
    .ARM.Collect$$libinit$$00000017          0x0000013e   Section        0  libinit2.o(.ARM.Collect$$libinit$$00000017)
    .ARM.Collect$$libinit$$00000019          0x0000013e   Section        0  libinit2.o(.ARM.Collect$$libinit$$00000019)
    .ARM.Collect$$libinit$$0000001B          0x0000013e   Section        0  libinit2.o(.ARM.Collect$$libinit$$0000001B)
    .ARM.Collect$$libinit$$0000001D          0x0000013e   Section        0  libinit2.o(.ARM.Collect$$libinit$$0000001D)
    .ARM.Collect$$libinit$$0000001F          0x0000013e   Section        0  libinit2.o(.ARM.Collect$$libinit$$0000001F)
    .ARM.Collect$$libinit$$00000021          0x0000013e   Section        0  libinit2.o(.ARM.Collect$$libinit$$00000021)
    .ARM.Collect$$libinit$$00000023          0x0000013e   Section        0  libinit2.o(.ARM.Collect$$libinit$$00000023)
    .ARM.Collect$$libinit$$00000025          0x0000013e   Section        0  libinit2.o(.ARM.Collect$$libinit$$00000025)
    .ARM.Collect$$libinit$$00000027          0x0000013e   Section        0  libinit2.o(.ARM.Collect$$libinit$$00000027)
    .ARM.Collect$$libinit$$0000002E          0x0000013e   Section        0  libinit2.o(.ARM.Collect$$libinit$$0000002E)
    .ARM.Collect$$libinit$$00000030          0x0000013e   Section        0  libinit2.o(.ARM.Collect$$libinit$$00000030)
    .ARM.Collect$$libinit$$00000032          0x0000013e   Section        0  libinit2.o(.ARM.Collect$$libinit$$00000032)
    .ARM.Collect$$libinit$$00000034          0x0000013e   Section        0  libinit2.o(.ARM.Collect$$libinit$$00000034)
    .ARM.Collect$$libinit$$00000035          0x0000013e   Section        2  libinit2.o(.ARM.Collect$$libinit$$00000035)
    .ARM.Collect$$libshutdown$$00000000      0x00000140   Section        2  libshutdown.o(.ARM.Collect$$libshutdown$$00000000)
    .ARM.Collect$$libshutdown$$00000002      0x00000142   Section        0  libshutdown2.o(.ARM.Collect$$libshutdown$$00000002)
    .ARM.Collect$$libshutdown$$00000004      0x00000142   Section        0  libshutdown2.o(.ARM.Collect$$libshutdown$$00000004)
    .ARM.Collect$$libshutdown$$00000007      0x00000142   Section        0  libshutdown2.o(.ARM.Collect$$libshutdown$$00000007)
    .ARM.Collect$$libshutdown$$0000000A      0x00000142   Section        0  libshutdown2.o(.ARM.Collect$$libshutdown$$0000000A)
    .ARM.Collect$$libshutdown$$0000000C      0x00000142   Section        0  libshutdown2.o(.ARM.Collect$$libshutdown$$0000000C)
    .ARM.Collect$$libshutdown$$0000000F      0x00000142   Section        0  libshutdown2.o(.ARM.Collect$$libshutdown$$0000000F)
    .ARM.Collect$$libshutdown$$00000010      0x00000142   Section        2  libshutdown2.o(.ARM.Collect$$libshutdown$$00000010)
    .ARM.Collect$$rtentry$$00000000          0x00000144   Section        0  __rtentry.o(.ARM.Collect$$rtentry$$00000000)
    .ARM.Collect$$rtentry$$00000002          0x00000144   Section        0  __rtentry2.o(.ARM.Collect$$rtentry$$00000002)
    .ARM.Collect$$rtentry$$00000004          0x00000144   Section        6  __rtentry4.o(.ARM.Collect$$rtentry$$00000004)
    .ARM.Collect$$rtentry$$00000009          0x0000014a   Section        0  __rtentry2.o(.ARM.Collect$$rtentry$$00000009)
    .ARM.Collect$$rtentry$$0000000A          0x0000014a   Section        4  __rtentry2.o(.ARM.Collect$$rtentry$$0000000A)
    .ARM.Collect$$rtentry$$0000000C          0x0000014e   Section        0  __rtentry2.o(.ARM.Collect$$rtentry$$0000000C)
    .ARM.Collect$$rtentry$$0000000D          0x0000014e   Section        8  __rtentry2.o(.ARM.Collect$$rtentry$$0000000D)
    .ARM.Collect$$rtexit$$00000000           0x00000156   Section        2  rtexit.o(.ARM.Collect$$rtexit$$00000000)
    .ARM.Collect$$rtexit$$00000002           0x00000158   Section        0  rtexit2.o(.ARM.Collect$$rtexit$$00000002)
    .ARM.Collect$$rtexit$$00000003           0x00000158   Section        4  rtexit2.o(.ARM.Collect$$rtexit$$00000003)
    .ARM.Collect$$rtexit$$00000004           0x0000015c   Section        6  rtexit2.o(.ARM.Collect$$rtexit$$00000004)
    .text                                    0x00000164   Section       64  startup_mkl25z4.o(.text)
    .text                                    0x000001a4   Section      364  aeabi_sdiv.o(.text)
    .text                                    0x00000310   Section        0  heapauxi.o(.text)
    .text                                    0x00000318   Section        0  d2f.o(.text)
    .text                                    0x00000394   Section        0  dfixui.o(.text)
    .text                                    0x000003dc   Section        0  exit.o(.text)
    .text                                    0x000003ec   Section        8  libspace.o(.text)
    .text                                    0x000003f4   Section        0  sys_exit.o(.text)
    .ARM.__at_0x400                          0x00000400   Section       16  startup_mkl25z4.o(.ARM.__at_0x400)
    .text                                    0x00000410   Section        0  ddiv.o(.text)
    .text                                    0x00000858   Section        0  dflti.o(.text)
    .text                                    0x000008b0   Section        0  dmul.o(.text)
    .text                                    0x00000af8   Section        0  ffixi.o(.text)
    .text                                    0x00000b44   Section        0  ffixui.o(.text)
    .text                                    0x00000b74   Section        0  fflti.o(.text)
    .text                                    0x00000bd2   Section       62  sys_stackheap_outer.o(.text)
    .text                                    0x00000c10   Section        2  use_no_semi.o(.text)
    .text                                    0x00000c12   Section        0  indicate_semi.o(.text)
    [Anonymous Symbol]                       0x00000c14   Section        0  tutorial.o(.text.ADC0_init)
    __arm_cp.16_1                            0x00000c44   Number         4  tutorial.o(.text.ADC0_init)
    __arm_cp.16_3                            0x00000c48   Number         4  tutorial.o(.text.ADC0_init)
    __arm_cp.16_4                            0x00000c4c   Number         4  tutorial.o(.text.ADC0_init)
    [Anonymous Symbol]                       0x00000c50   Section        0  tutorial.o(.text.DAC0_init)
    __arm_cp.15_0                            0x00000c6c   Number         4  tutorial.o(.text.DAC0_init)
    __arm_cp.15_1                            0x00000c70   Number         4  tutorial.o(.text.DAC0_init)
    __arm_cp.15_2                            0x00000c74   Number         4  tutorial.o(.text.DAC0_init)
    [Anonymous Symbol]                       0x00000c78   Section        0  tutorial.o(.text.Delay)
    [Anonymous Symbol]                       0x00000c90   Section        0  tutorial.o(.text.LCD_command)
    [Anonymous Symbol]                       0x00000cc8   Section        0  tutorial.o(.text.LCD_data)
    __arm_cp.3_2                             0x00000d04   Number         4  tutorial.o(.text.LCD_data)
    [Anonymous Symbol]                       0x00000d08   Section        0  tutorial.o(.text.LCD_init)
    __arm_cp.10_1                            0x00000d78   Number         4  tutorial.o(.text.LCD_init)
    __arm_cp.10_2                            0x00000d7c   Number         4  tutorial.o(.text.LCD_init)
    __arm_cp.10_3                            0x00000d80   Number         4  tutorial.o(.text.LCD_init)
    __arm_cp.10_4                            0x00000d84   Number         4  tutorial.o(.text.LCD_init)
    __arm_cp.10_5                            0x00000d88   Number         4  tutorial.o(.text.LCD_init)
    __arm_cp.10_6                            0x00000d8c   Number         4  tutorial.o(.text.LCD_init)
    __arm_cp.10_7                            0x00000d90   Number         4  tutorial.o(.text.LCD_init)
    __arm_cp.10_8                            0x00000d94   Number         4  tutorial.o(.text.LCD_init)
    __arm_cp.10_10                           0x00000d98   Number         4  tutorial.o(.text.LCD_init)
    __arm_cp.10_11                           0x00000d9c   Number         4  tutorial.o(.text.LCD_init)
    __arm_cp.10_12                           0x00000da0   Number         4  tutorial.o(.text.LCD_init)
    [Anonymous Symbol]                       0x00000da4   Section        0  tutorial.o(.text.LCD_ready)
    __arm_cp.11_0                            0x00000e0c   Number         4  tutorial.o(.text.LCD_ready)
    __arm_cp.11_1                            0x00000e10   Number         4  tutorial.o(.text.LCD_ready)
    __arm_cp.11_2                            0x00000e14   Number         4  tutorial.o(.text.LCD_ready)
    __arm_cp.11_3                            0x00000e18   Number         4  tutorial.o(.text.LCD_ready)
    [Anonymous Symbol]                       0x00000e1c   Section        0  tutorial.o(.text.PORTA_IRQHandler)
    __arm_cp.18_0                            0x00000e44   Number         4  tutorial.o(.text.PORTA_IRQHandler)
    __arm_cp.18_1                            0x00000e48   Number         4  tutorial.o(.text.PORTA_IRQHandler)
    __arm_cp.18_2                            0x00000e4c   Number         4  tutorial.o(.text.PORTA_IRQHandler)
    [Anonymous Symbol]                       0x00000e50   Section        0  tutorial.o(.text.SysTick_Handler)
    __arm_cp.17_0                            0x00000f1c   Number         4  tutorial.o(.text.SysTick_Handler)
    __arm_cp.17_1                            0x00000f20   Number         4  tutorial.o(.text.SysTick_Handler)
    __arm_cp.17_2                            0x00000f24   Number         4  tutorial.o(.text.SysTick_Handler)
    __arm_cp.17_3                            0x00000f28   Number         4  tutorial.o(.text.SysTick_Handler)
    __arm_cp.17_4                            0x00000f2c   Number         4  tutorial.o(.text.SysTick_Handler)
    __arm_cp.17_8                            0x00000f30   Number         4  tutorial.o(.text.SysTick_Handler)
    [Anonymous Symbol]                       0x00000f34   Section        0  system_mkl25z4.o(.text.SystemInit)
    __arm_cp.0_0                             0x00000f3c   Number         4  system_mkl25z4.o(.text.SystemInit)
    [Anonymous Symbol]                       0x00000f40   Section        0  tutorial.o(.text.init_sys)
    __arm_cp.14_0                            0x00000fb8   Number         4  tutorial.o(.text.init_sys)
    __arm_cp.14_1                            0x00000fbc   Number         4  tutorial.o(.text.init_sys)
    __arm_cp.14_2                            0x00000fc0   Number         4  tutorial.o(.text.init_sys)
    __arm_cp.14_3                            0x00000fc4   Number         4  tutorial.o(.text.init_sys)
    __arm_cp.14_4                            0x00000fc8   Number         4  tutorial.o(.text.init_sys)
    __arm_cp.14_5                            0x00000fcc   Number         4  tutorial.o(.text.init_sys)
    __arm_cp.14_6                            0x00000fd0   Number         4  tutorial.o(.text.init_sys)
    __arm_cp.14_7                            0x00000fd4   Number         4  tutorial.o(.text.init_sys)
    __arm_cp.14_8                            0x00000fd8   Number         4  tutorial.o(.text.init_sys)
    __arm_cp.14_9                            0x00000fdc   Number         4  tutorial.o(.text.init_sys)
    __arm_cp.14_10                           0x00000fe0   Number         4  tutorial.o(.text.init_sys)
    [Anonymous Symbol]                       0x00000fe4   Section        0  tutorial.o(.text.main)
    __arm_cp.13_0                            0x00001250   Number         4  tutorial.o(.text.main)
    __arm_cp.13_1                            0x00001254   Number         4  tutorial.o(.text.main)
    __arm_cp.13_2                            0x00001258   Number         4  tutorial.o(.text.main)
    __arm_cp.13_3                            0x0000125c   Number         4  tutorial.o(.text.main)
    __arm_cp.13_4                            0x00001260   Number         4  tutorial.o(.text.main)
    __arm_cp.13_5                            0x00001264   Number         4  tutorial.o(.text.main)
    __arm_cp.13_6                            0x00001268   Number         4  tutorial.o(.text.main)
    __arm_cp.13_7                            0x0000126c   Number         4  tutorial.o(.text.main)
    __arm_cp.13_8                            0x00001270   Number         4  tutorial.o(.text.main)
    __arm_cp.13_9                            0x00001274   Number         4  tutorial.o(.text.main)
    __arm_cp.13_10                           0x00001278   Number         4  tutorial.o(.text.main)
    __arm_cp.13_11                           0x0000127c   Number         4  tutorial.o(.text.main)
    __arm_cp.13_12                           0x00001280   Number         4  tutorial.o(.text.main)
    [Anonymous Symbol]                       0x00001284   Section        0  tutorial.o(.text.print_fnc)
    [Anonymous Symbol]                       0x000012b4   Section        0  tutorial.o(.text.print_to_arr)
    __arm_cp.7_0                             0x000013e0   Number         4  tutorial.o(.text.print_to_arr)
    x$fpl$fadd                               0x000013e4   Section      140  faddsub.o(x$fpl$fadd)
    _fadd1                                   0x000013f1   Thumb Code     0  faddsub.o(x$fpl$fadd)
    x$fpl$fmul                               0x00001470   Section      176  fmul.o(x$fpl$fmul)
    x$fpl$fsub                               0x00001520   Section      208  faddsub.o(x$fpl$fsub)
    _fsub1                                   0x0000152d   Thumb Code     0  faddsub.o(x$fpl$fsub)
    ddiv_reciptbl                            0x000015f0   Data         128  ddiv.o(.constdata)
    .constdata                               0x000015f0   Section      128  ddiv.o(.constdata)
    x$fpl$usenofp                            0x000015f0   Section        0  usenofp.o(x$fpl$usenofp)
    main.sinwawe                             0x00001670   Data         256  tutorial.o(.rodata.main.sinwawe)
    [Anonymous Symbol]                       0x00001670   Section        0  tutorial.o(.rodata.main.sinwawe)
    [Anonymous Symbol]                       0x00001770   Section        0  tutorial.o(.rodata.str1.1)
    n                                        0x1ffff000   Data           4  tutorial.o(.data.n)
    [Anonymous Symbol]                       0x1ffff000   Section        0  tutorial.o(.data.n)
    .bss                                     0x1ffff008   Section       96  libspace.o(.bss)
    Heap_Mem                                 0x1ffff188   Data           0  startup_mkl25z4.o(HEAP)
    Stack_Mem                                0x1ffff188   Data         256  startup_mkl25z4.o(STACK)
    HEAP                                     0x1ffff188   Section        0  startup_mkl25z4.o(HEAP)
    STACK                                    0x1ffff188   Section      256  startup_mkl25z4.o(STACK)
    __initial_sp                             0x1ffff288   Data           0  startup_mkl25z4.o(STACK)

    Global Symbols

    Symbol Name                              Value     Ov Type        Size  Object(Section)

    BuildAttributes$$THM_ISAv3M$S$PE$A:L22$X:L11$S22$IEEE1$IW$~IW$USESV6$~STKCKD$USESV7$~SHL$OSPACE$ROPI$EBA8$UX$STANDARDLIB$REQ8$PRES8$EABIv2 0x00000000   Number         0  anon$$obj.o ABSOLUTE
    __Vectors                                0x00000000   Data           4  startup_mkl25z4.o(RESET)
    __ARM_exceptions_init                     - Undefined Weak Reference
    __alloca_initialize                       - Undefined Weak Reference
    __arm_preinit_                            - Undefined Weak Reference
    __arm_relocate_pie_                       - Undefined Weak Reference
    __cpp_initialize__aeabi_                  - Undefined Weak Reference
    __cxa_finalize                            - Undefined Weak Reference
    __rt_locale                               - Undefined Weak Reference
    __sigvec_lookup                           - Undefined Weak Reference
    _atexit_init                              - Undefined Weak Reference
    _call_atexit_fns                          - Undefined Weak Reference
    _clock_init                               - Undefined Weak Reference
    _fp_trap_init                             - Undefined Weak Reference
    _fp_trap_shutdown                         - Undefined Weak Reference
    _get_lc_collate                           - Undefined Weak Reference
    _get_lc_ctype                             - Undefined Weak Reference
    _get_lc_monetary                          - Undefined Weak Reference
    _get_lc_numeric                           - Undefined Weak Reference
    _get_lc_time                              - Undefined Weak Reference
    _getenv_init                              - Undefined Weak Reference
    _handle_redirection                       - Undefined Weak Reference
    _init_alloc                               - Undefined Weak Reference
    _init_user_alloc                          - Undefined Weak Reference
    _initio                                   - Undefined Weak Reference
    _rand_init                                - Undefined Weak Reference
    _signal_finish                            - Undefined Weak Reference
    _signal_init                              - Undefined Weak Reference
    _terminate_alloc                          - Undefined Weak Reference
    _terminate_user_alloc                     - Undefined Weak Reference
    _terminateio                              - Undefined Weak Reference
    __Vectors_End                            0x000000c0   Data           0  startup_mkl25z4.o(RESET)
    __Vectors_Size                           0x000000c0   Number         0  startup_mkl25z4.o ABSOLUTE
    __main                                   0x000000c1   Thumb Code     8  __main.o(!!!main)
    __scatterload                            0x000000c9   Thumb Code     0  __scatter.o(!!!scatter)
    __scatterload_rt2                        0x000000c9   Thumb Code    52  __scatter.o(!!!scatter)
    __scatterload_rt2_thumb_only             0x000000c9   Thumb Code     0  __scatter.o(!!!scatter)
    __scatterload_null                       0x000000d9   Thumb Code     0  __scatter.o(!!!scatter)
    __scatterload_copy                       0x00000105   Thumb Code    26  __scatter_copy.o(!!handler_copy)
    __scatterload_zeroinit                   0x00000121   Thumb Code    28  __scatter_zi.o(!!handler_zi)
    __rt_lib_init                            0x0000013d   Thumb Code     0  libinit.o(.ARM.Collect$$libinit$$00000000)
    __rt_lib_init_alloca_1                   0x0000013f   Thumb Code     0  libinit2.o(.ARM.Collect$$libinit$$00000030)
    __rt_lib_init_argv_1                     0x0000013f   Thumb Code     0  libinit2.o(.ARM.Collect$$libinit$$0000002E)
    __rt_lib_init_atexit_1                   0x0000013f   Thumb Code     0  libinit2.o(.ARM.Collect$$libinit$$0000001D)
    __rt_lib_init_clock_1                    0x0000013f   Thumb Code     0  libinit2.o(.ARM.Collect$$libinit$$00000023)
    __rt_lib_init_cpp_1                      0x0000013f   Thumb Code     0  libinit2.o(.ARM.Collect$$libinit$$00000034)
    __rt_lib_init_exceptions_1               0x0000013f   Thumb Code     0  libinit2.o(.ARM.Collect$$libinit$$00000032)
    __rt_lib_init_fp_1                       0x0000013f   Thumb Code     0  libinit2.o(.ARM.Collect$$libinit$$00000002)
    __rt_lib_init_fp_trap_1                  0x0000013f   Thumb Code     0  libinit2.o(.ARM.Collect$$libinit$$00000021)
    __rt_lib_init_getenv_1                   0x0000013f   Thumb Code     0  libinit2.o(.ARM.Collect$$libinit$$00000025)
    __rt_lib_init_heap_1                     0x0000013f   Thumb Code     0  libinit2.o(.ARM.Collect$$libinit$$0000000C)
    __rt_lib_init_lc_collate_1               0x0000013f   Thumb Code     0  libinit2.o(.ARM.Collect$$libinit$$00000013)
    __rt_lib_init_lc_ctype_1                 0x0000013f   Thumb Code     0  libinit2.o(.ARM.Collect$$libinit$$00000015)
    __rt_lib_init_lc_monetary_1              0x0000013f   Thumb Code     0  libinit2.o(.ARM.Collect$$libinit$$00000017)
    __rt_lib_init_lc_numeric_1               0x0000013f   Thumb Code     0  libinit2.o(.ARM.Collect$$libinit$$00000019)
    __rt_lib_init_lc_time_1                  0x0000013f   Thumb Code     0  libinit2.o(.ARM.Collect$$libinit$$0000001B)
    __rt_lib_init_preinit_1                  0x0000013f   Thumb Code     0  libinit2.o(.ARM.Collect$$libinit$$00000006)
    __rt_lib_init_rand_1                     0x0000013f   Thumb Code     0  libinit2.o(.ARM.Collect$$libinit$$00000010)
    __rt_lib_init_relocate_pie_1             0x0000013f   Thumb Code     0  libinit2.o(.ARM.Collect$$libinit$$00000004)
    __rt_lib_init_return                     0x0000013f   Thumb Code     0  libinit2.o(.ARM.Collect$$libinit$$00000035)
    __rt_lib_init_signal_1                   0x0000013f   Thumb Code     0  libinit2.o(.ARM.Collect$$libinit$$0000001F)
    __rt_lib_init_stdio_1                    0x0000013f   Thumb Code     0  libinit2.o(.ARM.Collect$$libinit$$00000027)
    __rt_lib_init_user_alloc_1               0x0000013f   Thumb Code     0  libinit2.o(.ARM.Collect$$libinit$$0000000E)
    __rt_lib_shutdown                        0x00000141   Thumb Code     0  libshutdown.o(.ARM.Collect$$libshutdown$$00000000)
    __rt_lib_shutdown_cpp_1                  0x00000143   Thumb Code     0  libshutdown2.o(.ARM.Collect$$libshutdown$$00000002)
    __rt_lib_shutdown_fp_trap_1              0x00000143   Thumb Code     0  libshutdown2.o(.ARM.Collect$$libshutdown$$00000007)
    __rt_lib_shutdown_heap_1                 0x00000143   Thumb Code     0  libshutdown2.o(.ARM.Collect$$libshutdown$$0000000F)
    __rt_lib_shutdown_return                 0x00000143   Thumb Code     0  libshutdown2.o(.ARM.Collect$$libshutdown$$00000010)
    __rt_lib_shutdown_signal_1               0x00000143   Thumb Code     0  libshutdown2.o(.ARM.Collect$$libshutdown$$0000000A)
    __rt_lib_shutdown_stdio_1                0x00000143   Thumb Code     0  libshutdown2.o(.ARM.Collect$$libshutdown$$00000004)
    __rt_lib_shutdown_user_alloc_1           0x00000143   Thumb Code     0  libshutdown2.o(.ARM.Collect$$libshutdown$$0000000C)
    __rt_entry                               0x00000145   Thumb Code     0  __rtentry.o(.ARM.Collect$$rtentry$$00000000)
    __rt_entry_presh_1                       0x00000145   Thumb Code     0  __rtentry2.o(.ARM.Collect$$rtentry$$00000002)
    __rt_entry_sh                            0x00000145   Thumb Code     0  __rtentry4.o(.ARM.Collect$$rtentry$$00000004)
    __rt_entry_li                            0x0000014b   Thumb Code     0  __rtentry2.o(.ARM.Collect$$rtentry$$0000000A)
    __rt_entry_postsh_1                      0x0000014b   Thumb Code     0  __rtentry2.o(.ARM.Collect$$rtentry$$00000009)
    __rt_entry_main                          0x0000014f   Thumb Code     0  __rtentry2.o(.ARM.Collect$$rtentry$$0000000D)
    __rt_entry_postli_1                      0x0000014f   Thumb Code     0  __rtentry2.o(.ARM.Collect$$rtentry$$0000000C)
    __rt_exit                                0x00000157   Thumb Code     0  rtexit.o(.ARM.Collect$$rtexit$$00000000)
    __rt_exit_ls                             0x00000159   Thumb Code     0  rtexit2.o(.ARM.Collect$$rtexit$$00000003)
    __rt_exit_prels_1                        0x00000159   Thumb Code     0  rtexit2.o(.ARM.Collect$$rtexit$$00000002)
    __rt_exit_exit                           0x0000015d   Thumb Code     0  rtexit2.o(.ARM.Collect$$rtexit$$00000004)
    Reset_Handler                            0x00000165   Thumb Code    12  startup_mkl25z4.o(.text)
    NMI_Handler                              0x00000171   Thumb Code     2  startup_mkl25z4.o(.text)
    HardFault_Handler                        0x00000173   Thumb Code     2  startup_mkl25z4.o(.text)
    SVC_Handler                              0x00000175   Thumb Code     2  startup_mkl25z4.o(.text)
    PendSV_Handler                           0x00000177   Thumb Code     2  startup_mkl25z4.o(.text)
    ADC0_IRQHandler                          0x0000017b   Thumb Code     0  startup_mkl25z4.o(.text)
    CMP0_IRQHandler                          0x0000017b   Thumb Code     0  startup_mkl25z4.o(.text)
    DAC0_IRQHandler                          0x0000017b   Thumb Code     0  startup_mkl25z4.o(.text)
    DMA0_IRQHandler                          0x0000017b   Thumb Code     0  startup_mkl25z4.o(.text)
    DMA1_IRQHandler                          0x0000017b   Thumb Code     0  startup_mkl25z4.o(.text)
    DMA2_IRQHandler                          0x0000017b   Thumb Code     0  startup_mkl25z4.o(.text)
    DMA3_IRQHandler                          0x0000017b   Thumb Code     0  startup_mkl25z4.o(.text)
    DefaultISR                               0x0000017b   Thumb Code     0  startup_mkl25z4.o(.text)
    FTFA_IRQHandler                          0x0000017b   Thumb Code     0  startup_mkl25z4.o(.text)
    I2C0_IRQHandler                          0x0000017b   Thumb Code     0  startup_mkl25z4.o(.text)
    I2C1_IRQHandler                          0x0000017b   Thumb Code     0  startup_mkl25z4.o(.text)
    LLWU_IRQHandler                          0x0000017b   Thumb Code     0  startup_mkl25z4.o(.text)
    LPTMR0_IRQHandler                        0x0000017b   Thumb Code     0  startup_mkl25z4.o(.text)
    LVD_LVW_IRQHandler                       0x0000017b   Thumb Code     0  startup_mkl25z4.o(.text)
    MCG_IRQHandler                           0x0000017b   Thumb Code     0  startup_mkl25z4.o(.text)
    PIT_IRQHandler                           0x0000017b   Thumb Code     0  startup_mkl25z4.o(.text)
    PORTD_IRQHandler                         0x0000017b   Thumb Code     0  startup_mkl25z4.o(.text)
    RTC_IRQHandler                           0x0000017b   Thumb Code     0  startup_mkl25z4.o(.text)
    RTC_Seconds_IRQHandler                   0x0000017b   Thumb Code     0  startup_mkl25z4.o(.text)
    Reserved20_IRQHandler                    0x0000017b   Thumb Code     0  startup_mkl25z4.o(.text)
    Reserved39_IRQHandler                    0x0000017b   Thumb Code     0  startup_mkl25z4.o(.text)
    Reserved45_IRQHandler                    0x0000017b   Thumb Code     0  startup_mkl25z4.o(.text)
    SPI0_IRQHandler                          0x0000017b   Thumb Code     0  startup_mkl25z4.o(.text)
    SPI1_IRQHandler                          0x0000017b   Thumb Code     0  startup_mkl25z4.o(.text)
    TPM0_IRQHandler                          0x0000017b   Thumb Code     0  startup_mkl25z4.o(.text)
    TPM1_IRQHandler                          0x0000017b   Thumb Code     0  startup_mkl25z4.o(.text)
    TPM2_IRQHandler                          0x0000017b   Thumb Code     0  startup_mkl25z4.o(.text)
    TSI0_IRQHandler                          0x0000017b   Thumb Code     0  startup_mkl25z4.o(.text)
    UART0_IRQHandler                         0x0000017b   Thumb Code     0  startup_mkl25z4.o(.text)
    UART1_IRQHandler                         0x0000017b   Thumb Code     0  startup_mkl25z4.o(.text)
    UART2_IRQHandler                         0x0000017b   Thumb Code     0  startup_mkl25z4.o(.text)
    USB0_IRQHandler                          0x0000017b   Thumb Code     0  startup_mkl25z4.o(.text)
    __user_initial_stackheap                 0x00000181   Thumb Code     0  startup_mkl25z4.o(.text)
    __aeabi_uidiv                            0x000001a5   Thumb Code     0  aeabi_sdiv.o(.text)
    __aeabi_uidivmod                         0x000001a5   Thumb Code    20  aeabi_sdiv.o(.text)
    __aeabi_idiv                             0x000001b9   Thumb Code     0  aeabi_sdiv.o(.text)
    __aeabi_idivmod                          0x000001b9   Thumb Code   338  aeabi_sdiv.o(.text)
    __use_two_region_memory                  0x00000311   Thumb Code     2  heapauxi.o(.text)
    __rt_heap_escrow$2region                 0x00000313   Thumb Code     2  heapauxi.o(.text)
    __rt_heap_expand$2region                 0x00000315   Thumb Code     2  heapauxi.o(.text)
    __aeabi_d2f                              0x00000319   Thumb Code     0  d2f.o(.text)
    _d2f                                     0x00000319   Thumb Code   120  d2f.o(.text)
    __aeabi_d2uiz                            0x00000395   Thumb Code     0  dfixui.o(.text)
    _dfixu                                   0x00000395   Thumb Code    68  dfixui.o(.text)
    exit                                     0x000003dd   Thumb Code    16  exit.o(.text)
    __user_libspace                          0x000003ed   Thumb Code     8  libspace.o(.text)
    __user_perproc_libspace                  0x000003ed   Thumb Code     0  libspace.o(.text)
    __user_perthread_libspace                0x000003ed   Thumb Code     0  libspace.o(.text)
    _sys_exit                                0x000003f5   Thumb Code     8  sys_exit.o(.text)
    __aeabi_ddiv                             0x00000411   Thumb Code     0  ddiv.o(.text)
    _ddiv                                    0x00000411   Thumb Code  1072  ddiv.o(.text)
    _drdiv                                   0x00000841   Thumb Code    20  ddiv.o(.text)
    __aeabi_i2d_normalise                    0x00000859   Thumb Code    66  dflti.o(.text)
    __aeabi_i2d                              0x0000089b   Thumb Code    16  dflti.o(.text)
    _dflt                                    0x0000089b   Thumb Code     0  dflti.o(.text)
    __aeabi_ui2d                             0x000008ab   Thumb Code     6  dflti.o(.text)
    _dfltu                                   0x000008ab   Thumb Code     0  dflti.o(.text)
    __aeabi_dmul                             0x000008b1   Thumb Code     0  dmul.o(.text)
    _dmul                                    0x000008b1   Thumb Code   558  dmul.o(.text)
    __aeabi_f2iz                             0x00000af9   Thumb Code     0  ffixi.o(.text)
    _ffix                                    0x00000af9   Thumb Code    76  ffixi.o(.text)
    __aeabi_f2uiz                            0x00000b45   Thumb Code     0  ffixui.o(.text)
    _ffixu                                   0x00000b45   Thumb Code    48  ffixui.o(.text)
    __aeabi_i2f_normalise                    0x00000b75   Thumb Code    72  fflti.o(.text)
    __aeabi_i2f                              0x00000bbd   Thumb Code    16  fflti.o(.text)
    _fflt                                    0x00000bbd   Thumb Code     0  fflti.o(.text)
    __aeabi_ui2f                             0x00000bcd   Thumb Code     6  fflti.o(.text)
    _ffltu                                   0x00000bcd   Thumb Code     0  fflti.o(.text)
    __user_setup_stackheap                   0x00000bd3   Thumb Code    62  sys_stackheap_outer.o(.text)
    __I$use$semihosting                      0x00000c11   Thumb Code     0  use_no_semi.o(.text)
    __use_no_semihosting_swi                 0x00000c11   Thumb Code     2  use_no_semi.o(.text)
    __semihosting_library_function           0x00000c13   Thumb Code     0  indicate_semi.o(.text)
    ADC0_init                                0x00000c15   Thumb Code    48  tutorial.o(.text.ADC0_init)
    DAC0_init                                0x00000c51   Thumb Code    28  tutorial.o(.text.DAC0_init)
    Delay                                    0x00000c79   Thumb Code    24  tutorial.o(.text.Delay)
    LCD_command                              0x00000c91   Thumb Code    56  tutorial.o(.text.LCD_command)
    LCD_data                                 0x00000cc9   Thumb Code    60  tutorial.o(.text.LCD_data)
    LCD_init                                 0x00000d09   Thumb Code   112  tutorial.o(.text.LCD_init)
    LCD_ready                                0x00000da5   Thumb Code   104  tutorial.o(.text.LCD_ready)
    PORTA_IRQHandler                         0x00000e1d   Thumb Code    40  tutorial.o(.text.PORTA_IRQHandler)
    SysTick_Handler                          0x00000e51   Thumb Code   204  tutorial.o(.text.SysTick_Handler)
    SystemInit                               0x00000f35   Thumb Code     8  system_mkl25z4.o(.text.SystemInit)
    init_sys                                 0x00000f41   Thumb Code   120  tutorial.o(.text.init_sys)
    main                                     0x00000fe5   Thumb Code   620  tutorial.o(.text.main)
    print_fnc                                0x00001285   Thumb Code    46  tutorial.o(.text.print_fnc)
    print_to_arr                             0x000012b5   Thumb Code   300  tutorial.o(.text.print_to_arr)
    __aeabi_fadd                             0x000013e5   Thumb Code     0  faddsub.o(x$fpl$fadd)
    _fadd                                    0x000013e5   Thumb Code   134  faddsub.o(x$fpl$fadd)
    __aeabi_fmul                             0x00001471   Thumb Code     0  fmul.o(x$fpl$fmul)
    _fmul                                    0x00001471   Thumb Code   172  fmul.o(x$fpl$fmul)
    __aeabi_fsub                             0x00001521   Thumb Code     0  faddsub.o(x$fpl$fsub)
    _fsub                                    0x00001521   Thumb Code   204  faddsub.o(x$fpl$fsub)
    __I$use$fp                               0x000015f0   Number         0  usenofp.o(x$fpl$usenofp)
    Region$$Table$$Base                      0x00001790   Number         0  anon$$obj.o(Region$$Table)
    Region$$Table$$Limit                     0x000017b0   Number         0  anon$$obj.o(Region$$Table)
    __libspace_start                         0x1ffff008   Data          96  libspace.o(.bss)
    __temporary_stack_top$libspace           0x1ffff068   Data           0  libspace.o(.bss)
    m                                        0x1ffff068   Data           4  tutorial.o(.bss.m)
    sawtoothwave                             0x1ffff06c   Data         132  tutorial.o(.bss.sawtoothwave)
    squarewave                               0x1ffff0f0   Data         148  tutorial.o(.bss.squarewave)



==============================================================================

Memory Map of the image

  Image Entry point : 0x00000165

  Load Region LR_1 (Base: 0x00000000, Size: 0x000017b4, Max: 0xffffffff, ABSOLUTE)

    Execution Region ER_RO (Exec base: 0x00000000, Load base: 0x00000000, Size: 0x000017b0, Max: 0xffffffff, ABSOLUTE)

    Exec Addr    Load Addr    Size         Type   Attr      Idx    E Section Name        Object

    0x00000000   0x00000000   0x000000c0   Data   RO           57    RESET               startup_mkl25z4.o
    0x000000c0   0x000000c0   0x00000008   Code   RO           87  * !!!main             c_p.l(__main.o)
    0x000000c8   0x000000c8   0x0000003c   Code   RO          290    !!!scatter          c_p.l(__scatter.o)
    0x00000104   0x00000104   0x0000001a   Code   RO          292    !!handler_copy      c_p.l(__scatter_copy.o)
    0x0000011e   0x0000011e   0x00000002   PAD
    0x00000120   0x00000120   0x0000001c   Code   RO          294    !!handler_zi        c_p.l(__scatter_zi.o)
    0x0000013c   0x0000013c   0x00000002   Code   RO          151    .ARM.Collect$$libinit$$00000000  c_p.l(libinit.o)
    0x0000013e   0x0000013e   0x00000000   Code   RO          165    .ARM.Collect$$libinit$$00000002  c_p.l(libinit2.o)
    0x0000013e   0x0000013e   0x00000000   Code   RO          167    .ARM.Collect$$libinit$$00000004  c_p.l(libinit2.o)
    0x0000013e   0x0000013e   0x00000000   Code   RO          169    .ARM.Collect$$libinit$$00000006  c_p.l(libinit2.o)
    0x0000013e   0x0000013e   0x00000000   Code   RO          172    .ARM.Collect$$libinit$$0000000C  c_p.l(libinit2.o)
    0x0000013e   0x0000013e   0x00000000   Code   RO          174    .ARM.Collect$$libinit$$0000000E  c_p.l(libinit2.o)
    0x0000013e   0x0000013e   0x00000000   Code   RO          176    .ARM.Collect$$libinit$$00000010  c_p.l(libinit2.o)
    0x0000013e   0x0000013e   0x00000000   Code   RO          179    .ARM.Collect$$libinit$$00000013  c_p.l(libinit2.o)
    0x0000013e   0x0000013e   0x00000000   Code   RO          181    .ARM.Collect$$libinit$$00000015  c_p.l(libinit2.o)
    0x0000013e   0x0000013e   0x00000000   Code   RO          183    .ARM.Collect$$libinit$$00000017  c_p.l(libinit2.o)
    0x0000013e   0x0000013e   0x00000000   Code   RO          185    .ARM.Collect$$libinit$$00000019  c_p.l(libinit2.o)
    0x0000013e   0x0000013e   0x00000000   Code   RO          187    .ARM.Collect$$libinit$$0000001B  c_p.l(libinit2.o)
    0x0000013e   0x0000013e   0x00000000   Code   RO          189    .ARM.Collect$$libinit$$0000001D  c_p.l(libinit2.o)
    0x0000013e   0x0000013e   0x00000000   Code   RO          191    .ARM.Collect$$libinit$$0000001F  c_p.l(libinit2.o)
    0x0000013e   0x0000013e   0x00000000   Code   RO          193    .ARM.Collect$$libinit$$00000021  c_p.l(libinit2.o)
    0x0000013e   0x0000013e   0x00000000   Code   RO          195    .ARM.Collect$$libinit$$00000023  c_p.l(libinit2.o)
    0x0000013e   0x0000013e   0x00000000   Code   RO          197    .ARM.Collect$$libinit$$00000025  c_p.l(libinit2.o)
    0x0000013e   0x0000013e   0x00000000   Code   RO          199    .ARM.Collect$$libinit$$00000027  c_p.l(libinit2.o)
    0x0000013e   0x0000013e   0x00000000   Code   RO          203    .ARM.Collect$$libinit$$0000002E  c_p.l(libinit2.o)
    0x0000013e   0x0000013e   0x00000000   Code   RO          205    .ARM.Collect$$libinit$$00000030  c_p.l(libinit2.o)
    0x0000013e   0x0000013e   0x00000000   Code   RO          207    .ARM.Collect$$libinit$$00000032  c_p.l(libinit2.o)
    0x0000013e   0x0000013e   0x00000000   Code   RO          209    .ARM.Collect$$libinit$$00000034  c_p.l(libinit2.o)
    0x0000013e   0x0000013e   0x00000002   Code   RO          210    .ARM.Collect$$libinit$$00000035  c_p.l(libinit2.o)
    0x00000140   0x00000140   0x00000002   Code   RO          245    .ARM.Collect$$libshutdown$$00000000  c_p.l(libshutdown.o)
    0x00000142   0x00000142   0x00000000   Code   RO          273    .ARM.Collect$$libshutdown$$00000002  c_p.l(libshutdown2.o)
    0x00000142   0x00000142   0x00000000   Code   RO          275    .ARM.Collect$$libshutdown$$00000004  c_p.l(libshutdown2.o)
    0x00000142   0x00000142   0x00000000   Code   RO          278    .ARM.Collect$$libshutdown$$00000007  c_p.l(libshutdown2.o)
    0x00000142   0x00000142   0x00000000   Code   RO          281    .ARM.Collect$$libshutdown$$0000000A  c_p.l(libshutdown2.o)
    0x00000142   0x00000142   0x00000000   Code   RO          283    .ARM.Collect$$libshutdown$$0000000C  c_p.l(libshutdown2.o)
    0x00000142   0x00000142   0x00000000   Code   RO          286    .ARM.Collect$$libshutdown$$0000000F  c_p.l(libshutdown2.o)
    0x00000142   0x00000142   0x00000002   Code   RO          287    .ARM.Collect$$libshutdown$$00000010  c_p.l(libshutdown2.o)
    0x00000144   0x00000144   0x00000000   Code   RO          114    .ARM.Collect$$rtentry$$00000000  c_p.l(__rtentry.o)
    0x00000144   0x00000144   0x00000000   Code   RO          121    .ARM.Collect$$rtentry$$00000002  c_p.l(__rtentry2.o)
    0x00000144   0x00000144   0x00000006   Code   RO          133    .ARM.Collect$$rtentry$$00000004  c_p.l(__rtentry4.o)
    0x0000014a   0x0000014a   0x00000000   Code   RO          123    .ARM.Collect$$rtentry$$00000009  c_p.l(__rtentry2.o)
    0x0000014a   0x0000014a   0x00000004   Code   RO          124    .ARM.Collect$$rtentry$$0000000A  c_p.l(__rtentry2.o)
    0x0000014e   0x0000014e   0x00000000   Code   RO          126    .ARM.Collect$$rtentry$$0000000C  c_p.l(__rtentry2.o)
    0x0000014e   0x0000014e   0x00000008   Code   RO          127    .ARM.Collect$$rtentry$$0000000D  c_p.l(__rtentry2.o)
    0x00000156   0x00000156   0x00000002   Code   RO          156    .ARM.Collect$$rtexit$$00000000  c_p.l(rtexit.o)
    0x00000158   0x00000158   0x00000000   Code   RO          216    .ARM.Collect$$rtexit$$00000002  c_p.l(rtexit2.o)
    0x00000158   0x00000158   0x00000004   Code   RO          217    .ARM.Collect$$rtexit$$00000003  c_p.l(rtexit2.o)
    0x0000015c   0x0000015c   0x00000006   Code   RO          218    .ARM.Collect$$rtexit$$00000004  c_p.l(rtexit2.o)
    0x00000162   0x00000162   0x00000002   PAD
    0x00000164   0x00000164   0x00000040   Code   RO           59  * .text               startup_mkl25z4.o
    0x000001a4   0x000001a4   0x0000016c   Code   RO           81    .text               c_p.l(aeabi_sdiv.o)
    0x00000310   0x00000310   0x00000006   Code   RO           85    .text               c_p.l(heapauxi.o)
    0x00000316   0x00000316   0x00000002   PAD
    0x00000318   0x00000318   0x0000007c   Code   RO           89    .text               fz_ps.l(d2f.o)
    0x00000394   0x00000394   0x00000048   Code   RO           94    .text               fz_ps.l(dfixui.o)
    0x000003dc   0x000003dc   0x00000010   Code   RO          140    .text               c_p.l(exit.o)
    0x000003ec   0x000003ec   0x00000008   Code   RO          152    .text               c_p.l(libspace.o)
    0x000003f4   0x000003f4   0x0000000c   Code   RO          211    .text               c_p.l(sys_exit.o)
    0x00000400   0x00000400   0x00000010   Code   RO           58    .ARM.__at_0x400     startup_mkl25z4.o
    0x00000410   0x00000410   0x00000448   Code   RO           91    .text               fz_ps.l(ddiv.o)
    0x00000858   0x00000858   0x00000058   Code   RO           96    .text               fz_ps.l(dflti.o)
    0x000008b0   0x000008b0   0x00000248   Code   RO           98    .text               fz_ps.l(dmul.o)
    0x00000af8   0x00000af8   0x0000004c   Code   RO          106    .text               fz_ps.l(ffixi.o)
    0x00000b44   0x00000b44   0x00000030   Code   RO          108    .text               fz_ps.l(ffixui.o)
    0x00000b74   0x00000b74   0x0000005e   Code   RO          110    .text               fz_ps.l(fflti.o)
    0x00000bd2   0x00000bd2   0x0000003e   Code   RO          137    .text               c_p.l(sys_stackheap_outer.o)
    0x00000c10   0x00000c10   0x00000002   Code   RO          234    .text               c_p.l(use_no_semi.o)
    0x00000c12   0x00000c12   0x00000000   Code   RO          236    .text               c_p.l(indicate_semi.o)
    0x00000c12   0x00000c12   0x00000002   PAD
    0x00000c14   0x00000c14   0x0000003c   Code   RO           34    .text.ADC0_init     tutorial.o
    0x00000c50   0x00000c50   0x00000028   Code   RO           32    .text.DAC0_init     tutorial.o
    0x00000c78   0x00000c78   0x00000018   Code   RO            4    .text.Delay         tutorial.o
    0x00000c90   0x00000c90   0x00000038   Code   RO           20    .text.LCD_command   tutorial.o
    0x00000cc8   0x00000cc8   0x00000040   Code   RO            8    .text.LCD_data      tutorial.o
    0x00000d08   0x00000d08   0x0000009c   Code   RO           22    .text.LCD_init      tutorial.o
    0x00000da4   0x00000da4   0x00000078   Code   RO           24    .text.LCD_ready     tutorial.o
    0x00000e1c   0x00000e1c   0x00000034   Code   RO           38    .text.PORTA_IRQHandler  tutorial.o
    0x00000e50   0x00000e50   0x000000e4   Code   RO           36    .text.SysTick_Handler  tutorial.o
    0x00000f34   0x00000f34   0x0000000c   Code   RO           68    .text.SystemInit    system_mkl25z4.o
    0x00000f40   0x00000f40   0x000000a4   Code   RO           30    .text.init_sys      tutorial.o
    0x00000fe4   0x00000fe4   0x000002a0   Code   RO           28    .text.main          tutorial.o
    0x00001284   0x00001284   0x0000002e   Code   RO           14    .text.print_fnc     tutorial.o
    0x000012b2   0x000012b2   0x00000002   PAD
    0x000012b4   0x000012b4   0x00000130   Code   RO           16    .text.print_to_arr  tutorial.o
    0x000013e4   0x000013e4   0x0000008c   Code   RO          100    x$fpl$fadd          fz_ps.l(faddsub.o)
    0x00001470   0x00001470   0x000000b0   Code   RO          112    x$fpl$fmul          fz_ps.l(fmul.o)
    0x00001520   0x00001520   0x000000d0   Code   RO          102    x$fpl$fsub          fz_ps.l(faddsub.o)
    0x000015f0   0x000015f0   0x00000000   Code   RO          119    x$fpl$usenofp       fz_ps.l(usenofp.o)
    0x000015f0   0x000015f0   0x00000080   Data   RO           92    .constdata          fz_ps.l(ddiv.o)
    0x00001670   0x00001670   0x00000100   Data   RO           44    .rodata.main.sinwawe  tutorial.o
    0x00001770   0x00001770   0x0000001d   Data   RO           43    .rodata.str1.1      tutorial.o
    0x0000178d   0x0000178d   0x00000003   PAD
    0x00001790   0x00001790   0x00000020   Data   RO          289    Region$$Table       anon$$obj.o


    Execution Region ER_RW (Exec base: 0x1ffff000, Load base: 0x000017b0, Size: 0x00000004, Max: 0xffffffff, ABSOLUTE)

    Exec Addr    Load Addr    Size         Type   Attr      Idx    E Section Name        Object

    0x1ffff000   0x000017b0   0x00000004   Data   RW           46    .data.n             tutorial.o


    Execution Region ER_ZI (Exec base: 0x1ffff008, Load base: 0x000017b4, Size: 0x00000280, Max: 0xffffffff, ABSOLUTE)

    Exec Addr    Load Addr    Size         Type   Attr      Idx    E Section Name        Object

    0x1ffff008        -       0x00000060   Zero   RW          153    .bss                c_p.l(libspace.o)
    0x1ffff068        -       0x00000004   Zero   RW           42    .bss.m              tutorial.o
    0x1ffff06c        -       0x00000084   Zero   RW           47    .bss.sawtoothwave   tutorial.o
    0x1ffff0f0        -       0x00000094   Zero   RW           45    .bss.squarewave     tutorial.o
    0x1ffff184   0x000017b4   0x00000004   PAD
    0x1ffff188        -       0x00000000   Zero   RW           56    HEAP                startup_mkl25z4.o
    0x1ffff188        -       0x00000100   Zero   RW           55    STACK               startup_mkl25z4.o


==============================================================================

Image component sizes


      Code (inc. data)   RO Data    RW Data    ZI Data      Debug   Object Name

        80         44        192          0        256        888   startup_mkl25z4.o
        12          4          0          0          0       2536   system_mkl25z4.o
      1986        224        285          4        284       7890   tutorial.o

    ----------------------------------------------------------------------
      2080        272        512          4        544      11314   Object Totals
         0          0         32          0          0          0   (incl. Generated)
         2          0          3          0          4          0   (incl. Padding)

    ----------------------------------------------------------------------

      Code (inc. data)   RO Data    RW Data    ZI Data      Debug   Library Member Name

         8          0          0          0          0         68   __main.o
         0          0          0          0          0          0   __rtentry.o
        12          0          0          0          0          0   __rtentry2.o
         6          0          0          0          0          0   __rtentry4.o
        60          8          0          0          0          0   __scatter.o
        26          0          0          0          0          0   __scatter_copy.o
        28          0          0          0          0          0   __scatter_zi.o
       364          4          0          0          0         92   aeabi_sdiv.o
        16          0          0          0          0         68   exit.o
         6          0          0          0          0        136   heapauxi.o
         0          0          0          0          0          0   indicate_semi.o
         2          0          0          0          0          0   libinit.o
         2          0          0          0          0          0   libinit2.o
         2          0          0          0          0          0   libshutdown.o
         2          0          0          0          0          0   libshutdown2.o
         8          4          0          0         96         68   libspace.o
         2          0          0          0          0          0   rtexit.o
        10          0          0          0          0          0   rtexit2.o
        12          4          0          0          0         60   sys_exit.o
        62          0          0          0          0         80   sys_stackheap_outer.o
         2          0          0          0          0         68   use_no_semi.o
       124          4          0          0          0         72   d2f.o
      1096         26        128          0          0        112   ddiv.o
        72          4          0          0          0         68   dfixui.o
        88          0          0          0          0         92   dflti.o
       584         26          0          0          0         84   dmul.o
       348          8          0          0          0        160   faddsub.o
        76          0          0          0          0         68   ffixi.o
        48          0          0          0          0         60   ffixui.o
        94          0          0          0          0         92   fflti.o
       176          4          0          0          0         80   fmul.o
         0          0          0          0          0          0   usenofp.o

    ----------------------------------------------------------------------
      3344         92        128          0         96       1528   Library Totals
         8          0          0          0          0          0   (incl. Padding)

    ----------------------------------------------------------------------

      Code (inc. data)   RO Data    RW Data    ZI Data      Debug   Library Name

       630         20          0          0         96        640   c_p.l
      2706         72        128          0          0        888   fz_ps.l

    ----------------------------------------------------------------------
      3344         92        128          0         96       1528   Library Totals

    ----------------------------------------------------------------------

==============================================================================


      Code (inc. data)   RO Data    RW Data    ZI Data      Debug   

      5424        364        640          4        640      12170   Grand Totals
      5424        364        640          4        640      12170   ELF Image Totals
      5424        364        640          4          0          0   ROM Totals

==============================================================================

    Total RO  Size (Code + RO Data)                 6064 (   5.92kB)
    Total RW  Size (RW Data + ZI Data)               644 (   0.63kB)
    Total ROM Size (Code + RO Data + RW Data)       6068 (   5.93kB)

==============================================================================

